// Jest Snapshot v1, https://goo.gl/fbAQLP

exports[`List renders List component 1`] = `
<div
  className="list"
>
  <div
    className="card"
    id="5f5b0c42ccf6cf072812d951"
  >
    <div
      className="card-header"
    >
      <span>
        <span
          className="small-txt"
        >
          Match 
        </span>
        1
        <span
          className="small-txt"
        >
           of 
        </span>
        4
      </span>
      <span>
        <span
          className="small-txt"
        >
          Venue: 
        </span>
        Delhi
      </span>
    </div>
    <span
      id="teams"
    >
      CSK
      <span
        className="small-txt"
      >
         vs 
      </span>
      MI
    </span>
    <div
      className="card-footer"
    >
      <span
        className="small-txt"
        id="matchDate"
      >
        Sun May 23 2021
      </span>
    </div>
  </div>
  <div
    className="card"
    id="5f5b0c42ccf6cf072812d952"
  >
    <div
      className="card-header"
    >
      <span>
        <span
          className="small-txt"
        >
          Match 
        </span>
        2
        <span
          className="small-txt"
        >
           of 
        </span>
        4
      </span>
      <span>
        <span
          className="small-txt"
        >
          Venue: 
        </span>
        Mumbai
      </span>
    </div>
    <span
      id="teams"
    >
      RCB
      <span
        className="small-txt"
      >
         vs 
      </span>
      SRH
    </span>
    <div
      className="card-footer"
    >
      <span
        className="small-txt"
        id="matchDate"
      >
        Mon May 24 2021
      </span>
    </div>
  </div>
  <div
    className="card"
    id="5f5b0c42ccf6cf072812d953"
  >
    <div
      className="card-header"
    >
      <span>
        <span
          className="small-txt"
        >
          Match 
        </span>
        3
        <span
          className="small-txt"
        >
           of 
        </span>
        4
      </span>
      <span>
        <span
          className="small-txt"
        >
          Venue: 
        </span>
        Chennai
      </span>
    </div>
    <span
      id="teams"
    >
      PBKS
      <span
        className="small-txt"
      >
         vs 
      </span>
      SRH
    </span>
    <div
      className="card-footer"
    >
      <span
        className="small-txt"
        id="matchDate"
      >
        Wed May 26 2021
      </span>
    </div>
  </div>
  <div
    className="card"
    id="5f5b0c42ccf6cf072812d954"
  >
    <div
      className="card-header"
    >
      <span>
        <span
          className="small-txt"
        >
          Match 
        </span>
        4
        <span
          className="small-txt"
        >
           of 
        </span>
        4
      </span>
      <span>
        <span
          className="small-txt"
        >
          Venue: 
        </span>
        Bengaluru
      </span>
    </div>
    <span
      id="teams"
    >
      RR
      <span
        className="small-txt"
      >
         vs 
      </span>
      DC
    </span>
    <div
      className="card-footer"
    >
      <span
        className="small-txt"
        id="matchDate"
      >
        Fri May 28 2021
      </span>
    </div>
  </div>
</div>
`;
